 Image pracovne-pohotovosti-init-db Building 
 Image pracovne-pohotovosti-web Building 
 Image pracovne-pohotovosti-worker Building 
#1 [internal] load local bake definitions
#1 reading from stdin 3.65kB done
#1 DONE 0.0s

#2 [init-db internal] load build definition from Dockerfile
#2 transferring dockerfile: 1.31kB 0.0s done
#2 DONE 0.0s

#3 [auth] library/node:pull token for registry-1.docker.io
#3 DONE 0.0s

#4 [worker internal] load metadata for docker.io/library/node:20-bookworm-slim
#4 DONE -2.8s

#5 [worker internal] load .dockerignore
#5 transferring context: 104B done
#5 DONE 0.0s

#6 [web internal] load build context
#6 DONE 0.0s

#7 [web base 1/3] FROM docker.io/library/node:20-bookworm-slim@sha256:17281e8d1dc4d671976c6b89a12f47a44c2f390b63a989e2e327631041f544fd
#7 resolve docker.io/library/node:20-bookworm-slim@sha256:17281e8d1dc4d671976c6b89a12f47a44c2f390b63a989e2e327631041f544fd 0.0s done
#7 DONE 0.0s

#7 [init-db base 1/3] FROM docker.io/library/node:20-bookworm-slim@sha256:17281e8d1dc4d671976c6b89a12f47a44c2f390b63a989e2e327631041f544fd
#7 resolve docker.io/library/node:20-bookworm-slim@sha256:17281e8d1dc4d671976c6b89a12f47a44c2f390b63a989e2e327631041f544fd 0.0s done
#7 DONE 0.0s

#6 [web internal] load build context
#6 transferring context: 7.81kB 0.0s done
#6 DONE 0.1s

#8 [init-db base 3/3] RUN apt-get update   && apt-get install -y --no-install-recommends openssl ca-certificates   && rm -rf /var/lib/apt/lists/*
#8 CACHED

#9 [init-db base 2/3] WORKDIR /app
#9 CACHED

#10 [init-db deps 1/2] COPY package.json ./
#10 CACHED

#11 [init-db deps 2/2] RUN npm install
#11 CACHED

#12 [init-db builder 1/4] COPY --from=deps /app/node_modules ./node_modules
#12 CACHED

#13 [init-db builder 2/4] COPY . .
#13 DONE 0.2s

#13 [worker builder 2/4] COPY . .
#13 DONE 0.2s

#14 [init-db builder 3/4] RUN npx prisma generate
#14 2.594 Prisma schema loaded from prisma/schema.prisma
#14 4.748 
#14 4.748 Ôťö Generated Prisma Client (v6.19.2) to ./node_modules/@prisma/client in 213ms
#14 4.748 
#14 4.748 Start by importing your Prisma Client (See: https://pris.ly/d/importing-client)
#14 4.748 
#14 4.748 Tip: Interested in query caching in just a few lines of code? Try Accelerate today! https://pris.ly/tip-3-accelerate
#14 4.748 
#14 4.787 npm notice
#14 4.787 npm notice New major version of npm available! 10.8.2 -> 11.11.1
#14 4.787 npm notice Changelog: https://github.com/npm/cli/releases/tag/v11.11.1
#14 4.787 npm notice To update run: npm install -g npm@11.11.1
#14 4.787 npm notice
#14 DONE 4.9s

#14 [web builder 3/4] RUN npx prisma generate
#14 DONE 4.9s

#15 [init-db builder 4/4] RUN npm run build
#15 0.475 
#15 0.475 > pohotovosti-new@0.1.0 build
#15 0.475 > next build
#15 0.475 
#15 1.290 Attention: Next.js now collects completely anonymous telemetry regarding usage.
#15 1.290 This information is used to shape Next.js' roadmap and prioritize features.
#15 1.290 You can learn more, including how to opt-out if you'd not like to participate in this anonymous program, by visiting the following URL:
#15 1.290 https://nextjs.org/telemetry
#15 1.290 
#15 1.398    Ôľ▓ Next.js 15.3.8
#15 1.398 
#15 1.436    Creating an optimized production build ...
#15 12.60  Ôťô Compiled successfully in 8.0s
#15 12.63    Linting and checking validity of types ...
#15 17.11    Collecting page data ...
#15 17.48  ÔÜá Using edge runtime on a page currently disables static generation for that page
#15 18.84    Generating static pages (0/6) ...
#15 19.21    Generating static pages (1/6) 
#15 19.21    Generating static pages (2/6) 
#15 19.21    Generating static pages (4/6) 
#15 19.21  Ôťô Generating static pages (6/6)
#15 19.67    Finalizing page optimization ...
#15 19.67    Collecting build traces ...
#15 23.17 
#15 23.18 Route (app)                                  Size  First Load JS
#15 23.18 Ôöî Ăĺ /                                       172 B         105 kB
#15 23.18 Ôöť Ăĺ /_not-found                             977 B         102 kB
#15 23.18 Ôöť Ăĺ /api/auth/logout                        158 B         101 kB
#15 23.18 Ôöť Ăĺ /api/health                             158 B         101 kB
#15 23.18 Ôöť Ăĺ /api/notifications/push/subscription    158 B         101 kB
#15 23.18 Ôöť Ăĺ /apple-icon                             158 B         101 kB
#15 23.18 Ôöť Ăĺ /conditions                             199 B         138 kB
#15 23.18 Ôöť Ăĺ /holidays                               199 B         138 kB
#15 23.18 Ôöť Ăĺ /icon                                   158 B         101 kB
#15 23.18 Ôöť Ăĺ /icons/192                              158 B         101 kB
#15 23.18 Ôöť Ăĺ /icons/512                              158 B         101 kB
#15 23.18 Ôöť Ăĺ /login                                1.86 kB         129 kB
#15 23.18 Ôöť Ăĺ /login/forgot-password                1.82 kB         129 kB
#15 23.18 Ôöť Ăĺ /login/reset-password                 2.18 kB         129 kB
#15 23.18 Ôöť ÔŚő /manifest.webmanifest                   158 B         101 kB
#15 23.18 Ôöť Ăĺ /offline                                375 B         124 kB
#15 23.18 Ôöť Ăĺ /roles                                  199 B         138 kB
#15 23.18 Ôöť Ăĺ /schedule                             1.81 kB         140 kB
#15 23.18 Ôöť Ăĺ /services                               199 B         138 kB
#15 23.18 Ôöť Ăĺ /settings                             5.56 kB         144 kB
#15 23.18 Ôöť Ăĺ /shifts                                 199 B         138 kB
#15 23.18 Ôöť Ăĺ /users                                  199 B         138 kB
#15 23.18 Ôöö Ăĺ /vacations                              199 B         138 kB
#15 23.18 + First Load JS shared by all              101 kB
#15 23.18   Ôöť chunks/4bd1b696-7f494d26e38adda1.js   53.2 kB
#15 23.18   Ôöť chunks/684-52885898005b5201.js        46.1 kB
#15 23.18   Ôöö other shared chunks (total)           1.92 kB
#15 23.18 
#15 23.18 
#15 23.18 Ăĺ Middleware                              33.7 kB
#15 23.18 
#15 23.18 ÔŚő  (Static)   prerendered as static content
#15 23.18 Ăĺ  (Dynamic)  server-rendered on demand
#15 23.18 
#15 DONE 23.5s

#15 [worker builder 4/4] RUN npm run build
#15 DONE 23.5s

#8 [web base 3/3] RUN apt-get update   && apt-get install -y --no-install-recommends openssl ca-certificates   && rm -rf /var/lib/apt/lists/*
#8 CACHED

#8 [worker base 3/3] RUN apt-get update   && apt-get install -y --no-install-recommends openssl ca-certificates   && rm -rf /var/lib/apt/lists/*
#8 CACHED

#16 [worker runner 1/1] COPY --from=builder /app ./
#16 DONE 7.5s

#16 [web runner 1/1] COPY --from=builder /app ./
#16 DONE 7.5s

#17 [worker] exporting to image
#17 exporting layers
#17 ...

#18 [web] exporting to image
#18 ...

#19 [init-db] exporting to image
#19 exporting layers 22.3s done
#19 exporting manifest sha256:5d8885a244b4bc239aba3d906851078c6b41657fa517869ac2785ec24c4174f3 0.1s done
#19 exporting config sha256:714d678f6753d6040513a73d9f74979e6528ae2156c028691b936ac09af9887d
#19 ...

#17 [worker] exporting to image
#17 exporting layers 22.4s done
#17 exporting manifest sha256:7395b8c6dc07ba05690803c132681796ba201c24a4d41909cd7b83622e6512c3
#17 exporting manifest sha256:7395b8c6dc07ba05690803c132681796ba201c24a4d41909cd7b83622e6512c3 0.1s done
#17 exporting config sha256:64854698548689cebd2f5913dc769edf483e4bc93f72cff1cc337174f435863b
#17 exporting config sha256:64854698548689cebd2f5913dc769edf483e4bc93f72cff1cc337174f435863b 0.1s done
#17 exporting attestation manifest sha256:75980f9caf16743174b560a68f8ae4f080ec2837f16bd9bce559378113653f40
#17 exporting attestation manifest sha256:75980f9caf16743174b560a68f8ae4f080ec2837f16bd9bce559378113653f40 0.3s done
#17 exporting manifest list sha256:48db36d56848fc0b5b1a8b3be107b77f7557044bb97c1964114064528e4882ad 0.1s done
#17 naming to docker.io/library/pracovne-pohotovosti-worker:latest
#17 naming to docker.io/library/pracovne-pohotovosti-worker:latest 0.0s done
#17 unpacking to docker.io/library/pracovne-pohotovosti-worker:latest
#17 ...

#18 [web] exporting to image
#18 exporting layers 22.3s done
#18 exporting manifest sha256:17e1a18b45c1df3f78baf2a00b512335e237d44844029b4de2d46c30fa0c84dc 0.1s done
#18 exporting config sha256:47545e027abf794c207cdc3f782ef7c34dc43126dc7e9946448b6128e7ff26b2 0.1s done
#18 exporting attestation manifest sha256:93f20feb0201dd6cd9df547dd25d788cf7cf133eabebd59fb3d8c19aa927e3cd 0.3s done
#18 exporting manifest list sha256:2957c15ff8daad932fda30f4f5f565db1315ef9d0716bb60d0458d996c273f8a 0.1s done
#18 naming to docker.io/library/pracovne-pohotovosti-web:latest 0.0s done
#18 unpacking to docker.io/library/pracovne-pohotovosti-web:latest
#18 ...

#19 [init-db] exporting to image
#19 exporting config sha256:714d678f6753d6040513a73d9f74979e6528ae2156c028691b936ac09af9887d 0.1s done
#19 exporting attestation manifest sha256:8774f37cfaa4080fd9bb89677549b1091a96fd9ca116b9e8a10faf9396c0afff 0.3s done
#19 exporting manifest list sha256:41250d32431ed2b38883b0d3724b845d85b7675f108e7ed66b0006a5e6d45464 0.1s done
#19 naming to docker.io/library/pracovne-pohotovosti-init-db:latest 0.0s done
#19 unpacking to docker.io/library/pracovne-pohotovosti-init-db:latest
#19 unpacking to docker.io/library/pracovne-pohotovosti-init-db:latest 23.3s done
#19 DONE 46.6s

#18 [web] exporting to image
#18 unpacking to docker.io/library/pracovne-pohotovosti-web:latest 23.3s done
#18 DONE 46.6s

#17 [worker] exporting to image
#17 unpacking to docker.io/library/pracovne-pohotovosti-worker:latest 23.3s done
#17 DONE 46.6s

#20 [init-db] resolving provenance for metadata file
#20 ...

#21 [web] resolving provenance for metadata file
#21 DONE 0.2s

#20 [init-db] resolving provenance for metadata file
#20 DONE 0.5s

#22 [worker] resolving provenance for metadata file
#22 DONE 0.4s
 Image pracovne-pohotovosti-worker Built 
 Image pracovne-pohotovosti-init-db Built 
 Image pracovne-pohotovosti-web Built 
 Network pracovne-pohotovosti_default Creating 
 Network pracovne-pohotovosti_default Created 
 Container pracovne-pohotovosti-postgres-1 Creating 
 Container pracovne-pohotovosti-minio-1 Creating 
 Container pracovne-pohotovosti-postgres-1 Created 
 Container pracovne-pohotovosti-init-db-1 Creating 
 Container pracovne-pohotovosti-minio-1 Created 
 Container pracovne-pohotovosti-init-storage-1 Creating 
 Container pracovne-pohotovosti-init-storage-1 Created 
 Container pracovne-pohotovosti-init-db-1 Created 
 Container pracovne-pohotovosti-worker-1 Creating 
 Container pracovne-pohotovosti-web-1 Creating 
 Container pracovne-pohotovosti-worker-1 Created 
 Container pracovne-pohotovosti-web-1 Created 
 Container pracovne-pohotovosti-proxy-1 Creating 
 Container pracovne-pohotovosti-proxy-1 Created 
 Container pracovne-pohotovosti-minio-1 Starting 
 Container pracovne-pohotovosti-postgres-1 Starting 
 Container pracovne-pohotovosti-postgres-1 Started 
 Container pracovne-pohotovosti-minio-1 Started 
 Container pracovne-pohotovosti-init-storage-1 Starting 
 Container pracovne-pohotovosti-postgres-1 Waiting 
 Container pracovne-pohotovosti-init-storage-1 Started 
 Container pracovne-pohotovosti-postgres-1 Healthy 
 Container pracovne-pohotovosti-init-db-1 Starting 
 Container pracovne-pohotovosti-init-db-1 Started 
 Container pracovne-pohotovosti-init-db-1 Waiting 
 Container pracovne-pohotovosti-init-storage-1 Waiting 
 Container pracovne-pohotovosti-init-storage-1 Waiting 
 Container pracovne-pohotovosti-init-db-1 Waiting 
 Container pracovne-pohotovosti-init-storage-1 Exited 
 Container pracovne-pohotovosti-init-storage-1 Exited 
 Container pracovne-pohotovosti-init-db-1 Exited 
 Container pracovne-pohotovosti-worker-1 Starting 
 Container pracovne-pohotovosti-init-db-1 Exited 
 Container pracovne-pohotovosti-web-1 Starting 
 Container pracovne-pohotovosti-web-1 Started 
 Container pracovne-pohotovosti-proxy-1 Starting 
 Container pracovne-pohotovosti-worker-1 Started 
 Container pracovne-pohotovosti-proxy-1 Started 
